============================= test session starts =============================
platform win32 -- Python 3.14.7, pytest-8.4.2, pluggy-1.6.0 -- d:\Projekty\WH40k_Colony_Manager\.venv\Scripts\python.exe
cachedir: .pytest_cache
hypothesis profile 'default'
rootdir: d:\Projekty\WH40k_Colony_Manager
configfile: pyproject.toml
plugins: anyio-4.14.2, hypothesis-6.165.10
collecting ... collected 1 item

tests/application/test_infrastructure_service.py::TestInfrastructureService::test_create_infrastructure FAILED [100%]

================================== FAILURES ===================================
____________ TestInfrastructureService.test_create_infrastructure _____________
tests\application\test_infrastructure_service.py:27: in test_create_infrastructure
    colony = self._create_colony()
             ^^^^^^^^^^^^^^^^^^^^^
tests\application\test_infrastructure_service.py:22: in _create_colony
    colony = Colony(name="Test Colony", owner="Owner", colony_type="mining", age_days=0, age_last_updated=None,
E   pydantic_core._pydantic_core.ValidationError: 1 validation error for Colony
E   age_last_updated
E     Input should be a valid date [type=date_type, input_value=None, input_type=NoneType]
E       For further information visit https://errors.pydantic.dev/2.13/v/date_type
=========================== short test summary info ===========================
FAILED tests/application/test_infrastructure_service.py::TestInfrastructureService::test_create_infrastructure
============================== 1 failed in 0.47s ==============================
